// Jest Snapshot v1, https://goo.gl/fbAQLP

exports[`test if the page Details renders components test if the page Details is rendered 1`] = `
Object {
  "asFragment": [Function],
  "baseElement": <body>
    <div>
      <div>
        <div
          class="detail_image_section"
        >
          <img
            alt="img"
            class="detail_image"
          />
        </div>
        <div
          class="detail_page"
        >
          <span>
            name:
             BNB
          </span>
          <span>
            symbol:
             BNB
          </span>
          <span>
            market cap:
             NaN
          </span>
          <span>
            price:
             NaN
          </span>
          <span>
            ATH:
             732957.00000
          </span>
          <span>
            Total Supply: 166801148.0000000000000000
          </span>
          <span>
            Circulating Supply:
             asdjds
          </span>
          <span>
            Total Volume:
             38434343
          </span>
          <span>
            Cap Rank:
             4838
          </span>
          <span>
            High 24hr:
             5555
          </span>
          <span>
            Low 24hr:
             222
          </span>
          <span>
            Price Change 24hr:
             
          </span>
        </div>
      </div>
    </div>
  </body>,
  "container": <div>
    <div>
      <div
        class="detail_image_section"
      >
        <img
          alt="img"
          class="detail_image"
        />
      </div>
      <div
        class="detail_page"
      >
        <span>
          name:
           BNB
        </span>
        <span>
          symbol:
           BNB
        </span>
        <span>
          market cap:
           NaN
        </span>
        <span>
          price:
           NaN
        </span>
        <span>
          ATH:
           732957.00000
        </span>
        <span>
          Total Supply: 166801148.0000000000000000
        </span>
        <span>
          Circulating Supply:
           asdjds
        </span>
        <span>
          Total Volume:
           38434343
        </span>
        <span>
          Cap Rank:
           4838
        </span>
        <span>
          High 24hr:
           5555
        </span>
        <span>
          Low 24hr:
           222
        </span>
        <span>
          Price Change 24hr:
           
        </span>
      </div>
    </div>
  </div>,
  "debug": [Function],
  "findAllByAltText": [Function],
  "findAllByDisplayValue": [Function],
  "findAllByLabelText": [Function],
  "findAllByPlaceholderText": [Function],
  "findAllByRole": [Function],
  "findAllByTestId": [Function],
  "findAllByText": [Function],
  "findAllByTitle": [Function],
  "findByAltText": [Function],
  "findByDisplayValue": [Function],
  "findByLabelText": [Function],
  "findByPlaceholderText": [Function],
  "findByRole": [Function],
  "findByTestId": [Function],
  "findByText": [Function],
  "findByTitle": [Function],
  "getAllByAltText": [Function],
  "getAllByDisplayValue": [Function],
  "getAllByLabelText": [Function],
  "getAllByPlaceholderText": [Function],
  "getAllByRole": [Function],
  "getAllByTestId": [Function],
  "getAllByText": [Function],
  "getAllByTitle": [Function],
  "getByAltText": [Function],
  "getByDisplayValue": [Function],
  "getByLabelText": [Function],
  "getByPlaceholderText": [Function],
  "getByRole": [Function],
  "getByTestId": [Function],
  "getByText": [Function],
  "getByTitle": [Function],
  "queryAllByAltText": [Function],
  "queryAllByDisplayValue": [Function],
  "queryAllByLabelText": [Function],
  "queryAllByPlaceholderText": [Function],
  "queryAllByRole": [Function],
  "queryAllByTestId": [Function],
  "queryAllByText": [Function],
  "queryAllByTitle": [Function],
  "queryByAltText": [Function],
  "queryByDisplayValue": [Function],
  "queryByLabelText": [Function],
  "queryByPlaceholderText": [Function],
  "queryByRole": [Function],
  "queryByTestId": [Function],
  "queryByText": [Function],
  "queryByTitle": [Function],
  "rerender": [Function],
  "unmount": [Function],
}
`;
